---
source: index-scheduler/src/lib.rs
---
### Autobatching Enabled = true
### Processing Tasks:
[]
----------------------------------------------------------------------
### All Tasks:
0 {uid: 0, status: failed, error: ResponseError { code: 200, message: "Document doesn't have a `bork` attribute: `{\"id\":0,\"doggo\":\"jean bob\"}`.", error_code: "missing_document_id", error_type: "invalid_request", error_link: "https://docs.meilisearch.com/errors#missing_document_id" }, details: { received_documents: 1, indexed_documents: Some(0) }, kind: DocumentAdditionOrUpdate { index_uid: "doggos", primary_key: Some("bork"), method: ReplaceDocuments, content_file: 00000000-0000-0000-0000-000000000000, documents_count: 1, allow_index_creation: true }}
1 {uid: 1, status: failed, error: ResponseError { code: 200, message: "Document doesn't have a `bork` attribute: `{\"id\":1,\"doggo\":\"jean bob\"}`.", error_code: "missing_document_id", error_type: "invalid_request", error_link: "https://docs.meilisearch.com/errors#missing_document_id" }, details: { received_documents: 1, indexed_documents: Some(0) }, kind: DocumentAdditionOrUpdate { index_uid: "doggos", primary_key: Some("bork"), method: ReplaceDocuments, content_file: 00000000-0000-0000-0000-000000000001, documents_count: 1, allow_index_creation: true }}
2 {uid: 2, status: succeeded, details: { received_documents: 1, indexed_documents: Some(1) }, kind: DocumentAdditionOrUpdate { index_uid: "doggos", primary_key: Some("id"), method: ReplaceDocuments, content_file: 00000000-0000-0000-0000-000000000002, documents_count: 1, allow_index_creation: true }}
3 {uid: 3, status: enqueued, details: { received_documents: 1, indexed_documents: None }, kind: DocumentAdditionOrUpdate { index_uid: "doggos", primary_key: Some("bork"), method: ReplaceDocuments, content_file: 00000000-0000-0000-0000-000000000003, documents_count: 1, allow_index_creation: true }}
4 {uid: 4, status: enqueued, details: { received_documents: 1, indexed_documents: None }, kind: DocumentAdditionOrUpdate { index_uid: "doggos", primary_key: Some("id"), method: ReplaceDocuments, content_file: 00000000-0000-0000-0000-000000000004, documents_count: 1, allow_index_creation: true }}
----------------------------------------------------------------------
### Status:
enqueued [3,4,]
succeeded [2,]
failed [0,1,]
----------------------------------------------------------------------
### Kind:
"documentAdditionOrUpdate" [0,1,2,3,4,]
----------------------------------------------------------------------
### Index Tasks:
doggos [0,1,2,3,4,]
----------------------------------------------------------------------
### Index Mapper:
doggos: { number_of_documents: 1, field_distribution: {"doggo": 1, "id": 1} }

----------------------------------------------------------------------
### Canceled By:

----------------------------------------------------------------------
### Enqueued At:
[timestamp] [0,]
[timestamp] [1,]
[timestamp] [2,]
[timestamp] [3,]
[timestamp] [4,]
----------------------------------------------------------------------
### Started At:
[timestamp] [0,1,]
[timestamp] [2,]
----------------------------------------------------------------------
### Finished At:
[timestamp] [0,1,]
[timestamp] [2,]
----------------------------------------------------------------------
### File Store:
00000000-0000-0000-0000-000000000003
00000000-0000-0000-0000-000000000004

----------------------------------------------------------------------

