---
source: index-scheduler/src/lib.rs
---
[
  {
    "id": 3,
    "doggo": "bork"
  }
]
