---
source: index-scheduler/src/lib.rs
---
[
  {
    "id": 0,
    "doggo": "jean bob"
  }
]
